// Jest Snapshot v1, https://goo.gl/fbAQLP

exports[`Store #dehydrate should synchronously serialize the given cache store to a string 1`] = `"{\\"size\\":100,\\"ttl\\":100000,\\"cache\\":{\\"GET /api/1\\":{\\"foo\\":\\"bar1\\"},\\"GET /api/2\\":{\\"foo\\":\\"bar2\\"},\\"POST /api/resources\\":{\\"foo\\":\\"bar3\\"}}}"`;
