// Jest Snapshot v1, https://goo.gl/fbAQLP

exports[`Queryable HOC should renderToString with the given data 1`] = `"<div data-reactroot=\\"\\" data-reactid=\\"1\\" data-react-checksum=\\"1674719421\\"><div data-reactid=\\"2\\">item 1</div><div data-reactid=\\"3\\">item 2</div><div data-reactid=\\"4\\">item 3</div></div>"`;
